BL51 BANKED LINKER/LOCATER V6.22.4.0                                                    06/19/2023  21:42:43  PAGE 1


BL51 BANKED LINKER/LOCATER V6.22.4.0, INVOKED BY:
C:\USERS\XINLLY\PROGRAMFILES\NORMAL\KEIL_V5\C51\BIN\BL51.EXE .\Objects\STARTUP.obj, .\Objects\main.obj, .\Objects\Delay.
>> obj, .\Objects\Led.obj, .\Objects\Timer.obj TO .\Objects\test PRINT (.\Listings\test.m51) DISABLEWARNING (16)


MEMORY MODEL: SMALL WITH FLOATING POINT ARITHMETIC


INPUT MODULES INCLUDED:
  .\Objects\STARTUP.obj (?C_STARTUP)
  .\Objects\main.obj (MAIN)
  .\Objects\Delay.obj (DELAY)
  .\Objects\Led.obj (LED)
  .\Objects\Timer.obj (TIMER)
  C:\USERS\XINLLY\PROGRAMFILES\NORMAL\KEIL_V5\C51\LIB\C51FPS.LIB (?C?FPCMP)
  C:\USERS\XINLLY\PROGRAMFILES\NORMAL\KEIL_V5\C51\LIB\C51FPS.LIB (?C?FCAST)
  C:\USERS\XINLLY\PROGRAMFILES\NORMAL\KEIL_V5\C51\LIB\C51FPS.LIB (?C?CASTF)
  C:\USERS\XINLLY\PROGRAMFILES\NORMAL\KEIL_V5\C51\LIB\C51S.LIB (?C_INIT)
  C:\USERS\XINLLY\PROGRAMFILES\NORMAL\KEIL_V5\C51\LIB\C51S.LIB (?C?ULDIV)
  C:\USERS\XINLLY\PROGRAMFILES\NORMAL\KEIL_V5\C51\LIB\C51S.LIB (?C?LNEG)
  C:\USERS\XINLLY\PROGRAMFILES\NORMAL\KEIL_V5\C51\LIB\C51S.LIB (?C?ULCMP)


LINK MAP OF MODULE:  .\Objects\test (?C_STARTUP)


            TYPE    BASE      LENGTH    RELOCATION   SEGMENT NAME
            -----------------------------------------------------

            * * * * * * *   D A T A   M E M O R Y   * * * * * * *
            REG     0000H     0008H     ABSOLUTE     "REG BANK 0"
            DATA    0008H     0029H     UNIT         ?DT?LED
            DATA    0031H     000DH     UNIT         _DATA_GROUP_
            DATA    003EH     000CH     UNIT         ?DT?TIMER
            DATA    004AH     0004H     UNIT         ?DT?MAIN
            DATA    004EH     0002H     UNIT         ?DT?_LEDDISPLAYTASK?LED
            IDATA   0050H     0001H     UNIT         ?STACK

            * * * * * * *   C O D E   M E M O R Y   * * * * * * *
            CODE    0000H     0003H     ABSOLUTE     
                    0003H     0008H                  *** GAP ***
            CODE    000BH     0003H     ABSOLUTE     
            CODE    000EH     01DBH     UNIT         ?C?LIB_CODE
            CODE    01E9H     008CH     UNIT         ?C_C51STARTUP
            CODE    0275H     007CH     UNIT         ?PR?MAIN?MAIN
            CODE    02F1H     0069H     UNIT         ?PR?_UINT8TOSEG?LED
            CODE    035AH     005FH     UNIT         ?PR?_LEDDISPLAYUINT?LED
            CODE    03B9H     0057H     UNIT         ?PR?_LEDDISPLAYTASK?LED
            CODE    0410H     0033H     UNIT         ?PR?INTERRUPTTIMER0?TIMER
            CODE    0443H     0032H     UNIT         ?C_INITSEG
            CODE    0475H     0031H     UNIT         ?PR?LEDDISPLAYTASK0?LED
            CODE    04A6H     0023H     UNIT         ?PR?INITTIMER0?TIMER
            CODE    04C9H     0019H     UNIT         ?PR?INITLEDSEGDATA?LED
            CODE    04E2H     0019H     UNIT         ?PR?_LEDDISPLAY?LED
            CODE    04FBH     0017H     UNIT         ?PR?GETSYSTIMES?TIMER
            CODE    0512H     0016H     UNIT         ?PR?GETSYSTIMEMS?TIMER
            CODE    0528H     0009H     UNIT         ?PR?GETSYSPERIOD?TIMER
            CODE    0531H     0009H     UNIT         ?PR?GETSYSTIMEUS?TIMER
BL51 BANKED LINKER/LOCATER V6.22.4.0                                                  06/19/2023  21:42:43  PAGE 2





OVERLAY MAP OF MODULE:   .\Objects\test (?C_STARTUP)


SEGMENT                             DATA_GROUP 
  +--> CALLED SEGMENT             START    LENGTH
-------------------------------------------------
?C_C51STARTUP                     -----    -----
  +--> ?PR?MAIN?MAIN
  +--> ?C_INITSEG

?PR?MAIN?MAIN                     0031H    0004H
  +--> ?PR?INITLEDSEGDATA?LED
  +--> ?PR?INITTIMER0?TIMER
  +--> ?PR?GETSYSTIMES?TIMER
  +--> ?PR?_LEDDISPLAYUINT?LED

?PR?_LEDDISPLAYUINT?LED           0035H    0008H
  +--> ?PR?_UINT8TOSEG?LED
  +--> ?PR?_LEDDISPLAY?LED

?PR?_UINT8TOSEG?LED               003DH    0001H



SYMBOL TABLE OF MODULE:  .\Objects\test (?C_STARTUP)

  VALUE           TYPE          NAME
  ----------------------------------

  -------         MODULE        ?C_STARTUP
  C:01E9H         SEGMENT       ?C_C51STARTUP
  I:0050H         SEGMENT       ?STACK
  C:0000H         PUBLIC        ?C_STARTUP
  D:00E0H         SYMBOL        ACC
  D:00F0H         SYMBOL        B
  D:0083H         SYMBOL        DPH
  D:0082H         SYMBOL        DPL
  N:0000H         SYMBOL        IBPSTACK
  N:0100H         SYMBOL        IBPSTACKTOP
  N:0080H         SYMBOL        IDATALEN
  C:01ECH         SYMBOL        IDATALOOP
  N:0000H         SYMBOL        PBPSTACK
  N:0100H         SYMBOL        PBPSTACKTOP
  N:0000H         SYMBOL        PDATALEN
  N:0000H         SYMBOL        PDATASTART
  N:0000H         SYMBOL        PPAGE
  N:0000H         SYMBOL        PPAGEENABLE
  D:00A0H         SYMBOL        PPAGE_SFR
  D:0081H         SYMBOL        SP
  C:01E9H         SYMBOL        STARTUP1
  N:0000H         SYMBOL        XBPSTACK
  N:0000H         SYMBOL        XBPSTACKTOP
  N:0000H         SYMBOL        XDATALEN
  N:0000H         SYMBOL        XDATASTART
BL51 BANKED LINKER/LOCATER V6.22.4.0                                                  06/19/2023  21:42:43  PAGE 3


  C:0000H         LINE#         126
  C:01E9H         LINE#         133
  C:01EBH         LINE#         134
  C:01ECH         LINE#         135
  C:01EDH         LINE#         136
  C:01EFH         LINE#         185
  C:01F2H         LINE#         196
  -------         ENDMOD        ?C_STARTUP

  -------         MODULE        MAIN
  C:0000H         SYMBOL        _ICE_DUMMY_
  D:0090H         PUBLIC        P1
  D:00A0H         PUBLIC        P2
  D:00B0H         PUBLIC        P3
  D:004AH         PUBLIC        Global0
  D:00A8H         PUBLIC        IE
  D:00B8H         PUBLIC        IP
  C:0275H         PUBLIC        main
  D:0098H         PUBLIC        SCON
  D:0088H         PUBLIC        TCON
  D:00C8H         PUBLIC        T2CON
  D:00D0H         PUBLIC        PSW
  -------         PROC          MAIN
  -------         DO            
  D:0031H         SYMBOL        temp
  -------         ENDDO         
  C:0275H         LINE#         12
  C:0275H         LINE#         13
  C:0275H         LINE#         14
  C:027EH         LINE#         15
  C:0281H         LINE#         16
  C:0284H         LINE#         17
  C:0284H         LINE#         18
  C:0284H         LINE#         19
  C:02B0H         LINE#         20
  C:02B0H         LINE#         21
  C:02C1H         LINE#         22
  C:02CFH         LINE#         23
  C:02CFH         LINE#         24
  C:02E0H         LINE#         25
  C:02EFH         LINE#         26
  -------         ENDPROC       MAIN
  -------         ENDMOD        MAIN

  -------         MODULE        DELAY
  C:0000H         SYMBOL        _ICE_DUMMY_
  -------         ENDMOD        DELAY

  -------         MODULE        LED
  C:0000H         SYMBOL        _ICE_DUMMY_
  D:0080H         PUBLIC        P0
  D:0090H         PUBLIC        P1
  D:00A0H         PUBLIC        P2
  D:00B0H         PUBLIC        P3
  B:00A0H.7       PUBLIC        led_selectBit_enable
  B:00A0H.6       PUBLIC        led_selectSeg_enable
  D:00A8H         PUBLIC        IE
BL51 BANKED LINKER/LOCATER V6.22.4.0                                                  06/19/2023  21:42:43  PAGE 4


  C:04E2H         PUBLIC        _ledDisplay
  D:00B8H         PUBLIC        IP
  C:03B9H         PUBLIC        _ledDisplayTask
  D:0098H         PUBLIC        SCON
  C:035AH         PUBLIC        _ledDisplayUint
  D:0088H         PUBLIC        TCON
  D:0008H         PUBLIC        led_bitIndex_table
  D:0010H         PUBLIC        led_segData_table
  D:0028H         PUBLIC        led_bitIndex
  D:0029H         PUBLIC        led_segData
  C:0475H         PUBLIC        ledDisplayTask0
  C:02F1H         PUBLIC        _uint8ToSeg
  D:00C8H         PUBLIC        T2CON
  C:04C9H         PUBLIC        initLedSegData
  D:00D0H         PUBLIC        PSW
  -------         PROC          INITLEDSEGDATA
  C:04C9H         LINE#         38
  C:04C9H         LINE#         39
  C:04C9H         LINE#         40
  C:04CCH         LINE#         41
  C:04CFH         LINE#         42
  C:04D2H         LINE#         43
  C:04D5H         LINE#         44
  C:04D8H         LINE#         45
  C:04DBH         LINE#         46
  C:04DEH         LINE#         47
  C:04E1H         LINE#         48
  -------         ENDPROC       INITLEDSEGDATA
  -------         PROC          _UINT8TOSEG
  D:0007H         SYMBOL        unit8Data
  -------         DO            
  D:003DH         SYMBOL        led_displayData
  -------         ENDDO         
  C:02F1H         LINE#         50
  C:02F1H         LINE#         51
  C:02F1H         LINE#         53
  C:02FDH         LINE#         54
  C:02FDH         LINE#         55
  C:02FFH         LINE#         56
  C:0301H         LINE#         57
  C:030DH         LINE#         58
  C:030DH         LINE#         59
  C:030FH         LINE#         60
  C:0311H         LINE#         61
  C:031DH         LINE#         62
  C:031DH         LINE#         63
  C:0324H         LINE#         64
  C:0326H         LINE#         66
  C:0326H         LINE#         67
  C:033BH         LINE#         68
  C:033BH         LINE#         69
  C:033BH         LINE#         70
  C:033EH         LINE#         71
  C:0340H         LINE#         72
  C:0340H         LINE#         73
  C:0343H         LINE#         74
  C:0345H         LINE#         75
BL51 BANKED LINKER/LOCATER V6.22.4.0                                                  06/19/2023  21:42:43  PAGE 5


  C:0345H         LINE#         76
  C:0348H         LINE#         77
  C:034AH         LINE#         78
  C:034AH         LINE#         79
  C:034DH         LINE#         80
  C:034FH         LINE#         81
  C:034FH         LINE#         82
  C:0352H         LINE#         83
  C:0354H         LINE#         84
  C:0354H         LINE#         85
  C:0357H         LINE#         86
  C:0357H         LINE#         87
  C:0357H         LINE#         88
  C:0357H         LINE#         89
  C:0359H         LINE#         90
  -------         ENDPROC       _UINT8TOSEG
  -------         PROC          _LEDDISPLAY
  D:0007H         SYMBOL        displayData
  D:0005H         SYMBOL        led_bitIndex
  C:04E2H         LINE#         105
  C:04E2H         LINE#         106
  C:04E2H         LINE#         107
  C:04E5H         LINE#         108
  C:04E7H         LINE#         109
  C:04E9H         LINE#         111
  C:04F0H         LINE#         112
  C:04F2H         LINE#         113
  C:04F4H         LINE#         115
  C:04F6H         LINE#         116
  C:04F8H         LINE#         117
  C:04FAH         LINE#         118
  -------         ENDPROC       _LEDDISPLAY
  -------         PROC          _LEDDISPLAYUINT
  D:0035H         SYMBOL        dispalyData
  D:0039H         SYMBOL        bitIndex
  D:003AH         SYMBOL        bitCount
  -------         DO            
  D:003BH         SYMBOL        tempIndex
  D:003CH         SYMBOL        tempIndexMax
  -------         ENDDO         
  C:035AH         LINE#         119
  C:0362H         LINE#         120
  C:0362H         LINE#         121
  C:0368H         LINE#         122
  C:0372H         LINE#         123
  C:0372H         LINE#         124
  C:038FH         LINE#         125
  C:039BH         LINE#         126
  C:03B4H         LINE#         127
  C:03B8H         LINE#         128
  -------         ENDPROC       _LEDDISPLAYUINT
  -------         PROC          _LEDDISPLAYTASK
  D:0007H         SYMBOL        timeOn_sysPeriod
  D:004EH         SYMBOL        timeOff_sysPeriod
  -------         DO            
  D:004FH         SYMBOL        period
  -------         ENDDO         
BL51 BANKED LINKER/LOCATER V6.22.4.0                                                  06/19/2023  21:42:43  PAGE 6


  C:03B9H         LINE#         130
  C:03BBH         LINE#         131
  C:03BBH         LINE#         132
  C:03C0H         LINE#         133
  C:03DEH         LINE#         134
  C:03DEH         LINE#         135
  C:03E0H         LINE#         136
  C:03E3H         LINE#         137
  C:03E5H         LINE#         138
  C:03F6H         LINE#         139
  C:03F7H         LINE#         141
  C:03F7H         LINE#         142
  C:03F9H         LINE#         143
  C:0401H         LINE#         144
  C:0403H         LINE#         145
  C:0405H         LINE#         146
  C:040DH         LINE#         147
  C:040FH         LINE#         148
  C:040FH         LINE#         149
  -------         ENDPROC       _LEDDISPLAYTASK
  -------         PROC          LEDDISPLAYTASK0
  C:0475H         LINE#         151
  C:0475H         LINE#         152
  C:0475H         LINE#         153
  C:0478H         LINE#         154
  C:047AH         LINE#         155
  C:047CH         LINE#         157
  C:0484H         LINE#         158
  C:0486H         LINE#         159
  C:0488H         LINE#         161
  C:0490H         LINE#         162
  C:0492H         LINE#         163
  C:0494H         LINE#         164
  C:04A5H         LINE#         165
  -------         ENDPROC       LEDDISPLAYTASK0
  -------         ENDMOD        LED

  -------         MODULE        TIMER
  C:0000H         SYMBOL        _ICE_DUMMY_
  D:0090H         PUBLIC        P1
  D:00A0H         PUBLIC        P2
  D:00B0H         PUBLIC        P3
  B:00A8H.7       PUBLIC        EA
  D:00A8H         PUBLIC        IE
  D:00B8H         PUBLIC        IP
  D:003EH         PUBLIC        taskPlan_timeMarkMs
  D:0042H         PUBLIC        currentSysTime_us
  C:0410H         PUBLIC        interruptTimer0
  D:0046H         PUBLIC        currentSysPeriod
  D:0098H         PUBLIC        SCON
  D:0089H         PUBLIC        TMOD
  D:0088H         PUBLIC        TCON
  B:00A8H.1       PUBLIC        ET0
  B:0088H.5       PUBLIC        TF0
  D:008CH         PUBLIC        TH0
  D:008AH         PUBLIC        TL0
  C:0512H         PUBLIC        getSysTimeMs
BL51 BANKED LINKER/LOCATER V6.22.4.0                                                  06/19/2023  21:42:43  PAGE 7


  B:0088H.4       PUBLIC        TR0
  C:0531H         PUBLIC        getSysTimeUs
  D:00C8H         PUBLIC        T2CON
  C:04FBH         PUBLIC        getSysTimeS
  C:0528H         PUBLIC        getSysPeriod
  C:04A6H         PUBLIC        initTimer0
  D:00D0H         PUBLIC        PSW
  -------         PROC          INTERRUPTTIMER0
  C:0410H         LINE#         7
  C:0414H         LINE#         9
  C:0429H         LINE#         10
  C:043EH         LINE#         11
  -------         ENDPROC       INTERRUPTTIMER0
  -------         PROC          INITTIMER0
  C:04A6H         LINE#         12
  C:04A6H         LINE#         13
  C:04A6H         LINE#         14
  C:04AFH         LINE#         15
  C:04B7H         LINE#         16
  C:04BAH         LINE#         17
  C:04BDH         LINE#         18
  C:04C0H         LINE#         19
  C:04C2H         LINE#         20
  C:04C4H         LINE#         21
  C:04C6H         LINE#         22
  C:04C8H         LINE#         23
  -------         ENDPROC       INITTIMER0
  -------         PROC          GETSYSPERIOD
  C:0528H         LINE#         24
  C:0528H         LINE#         25
  C:0528H         LINE#         26
  C:0530H         LINE#         27
  -------         ENDPROC       GETSYSPERIOD
  -------         PROC          GETSYSTIMEUS
  C:0531H         LINE#         28
  C:0531H         LINE#         29
  C:0531H         LINE#         30
  C:0539H         LINE#         31
  -------         ENDPROC       GETSYSTIMEUS
  -------         PROC          GETSYSTIMEMS
  C:0512H         LINE#         32
  C:0512H         LINE#         33
  C:0512H         LINE#         34
  -------         ENDPROC       GETSYSTIMEMS
  -------         PROC          GETSYSTIMES
  C:04FBH         LINE#         36
  C:04FBH         LINE#         37
  C:04FBH         LINE#         38
  -------         ENDPROC       GETSYSTIMES
  -------         ENDMOD        TIMER

  -------         MODULE        ?C?FPCMP
  C:0010H         PUBLIC        ?C?FPCMP
  C:000EH         PUBLIC        ?C?FPCMP3
  -------         ENDMOD        ?C?FPCMP

  -------         MODULE        ?C?FCAST
BL51 BANKED LINKER/LOCATER V6.22.4.0                                                  06/19/2023  21:42:43  PAGE 8


  C:0091H         PUBLIC        ?C?FCASTC
  C:008CH         PUBLIC        ?C?FCASTI
  C:0087H         PUBLIC        ?C?FCASTL
  -------         ENDMOD        ?C?FCAST

  -------         MODULE        ?C?CASTF
  C:00C5H         PUBLIC        ?C?CASTF
  -------         ENDMOD        ?C?CASTF

  -------         MODULE        ?C?ULDIV
  C:0138H         PUBLIC        ?C?ULDIV
  -------         ENDMOD        ?C?ULDIV

  -------         MODULE        ?C?LNEG
  C:01CAH         PUBLIC        ?C?LNEG
  -------         ENDMOD        ?C?LNEG

  -------         MODULE        ?C?ULCMP
  C:01D8H         PUBLIC        ?C?ULCMP
  -------         ENDMOD        ?C?ULCMP

Program Size: data=81.0 xdata=0 code=1330
LINK/LOCATE RUN COMPLETE.  0 WARNING(S),  0 ERROR(S)
